../Drivers/STM32F4xx_HAL_Driver/Src/stm32f4xx_hal_smbus.c:441:13:HAL_SMBUS_MspInit	0	static
../Drivers/STM32F4xx_HAL_Driver/Src/stm32f4xx_hal_smbus.c:282:19:HAL_SMBUS_Init	8	static
../Drivers/STM32F4xx_HAL_Driver/Src/stm32f4xx_hal_smbus.c:456:13:HAL_SMBUS_MspDeInit	0	static
../Drivers/STM32F4xx_HAL_Driver/Src/stm32f4xx_hal_smbus.c:395:19:HAL_SMBUS_DeInit	8	static
../Drivers/STM32F4xx_HAL_Driver/Src/stm32f4xx_hal_smbus.c:473:19:HAL_SMBUS_ConfigAnalogFilter	8	static
../Drivers/STM32F4xx_HAL_Driver/Src/stm32f4xx_hal_smbus.c:511:19:HAL_SMBUS_ConfigDigitalFilter	12	static
../Drivers/STM32F4xx_HAL_Driver/Src/stm32f4xx_hal_smbus.c:918:19:HAL_SMBUS_Master_Transmit_IT	20	static
../Drivers/STM32F4xx_HAL_Driver/Src/stm32f4xx_hal_smbus.c:1003:19:HAL_SMBUS_Master_Receive_IT	24	static
../Drivers/STM32F4xx_HAL_Driver/Src/stm32f4xx_hal_smbus.c:1167:19:HAL_SMBUS_Slave_Transmit_IT	24	static
../Drivers/STM32F4xx_HAL_Driver/Src/stm32f4xx_hal_smbus.c:1233:19:HAL_SMBUS_Slave_Receive_IT	24	static
../Drivers/STM32F4xx_HAL_Driver/Src/stm32f4xx_hal_smbus.c:1297:19:HAL_SMBUS_EnableListen_IT	0	static
../Drivers/STM32F4xx_HAL_Driver/Src/stm32f4xx_hal_smbus.c:1330:19:HAL_SMBUS_DisableListen_IT	0	static
../Drivers/STM32F4xx_HAL_Driver/Src/stm32f4xx_hal_smbus.c:1363:19:HAL_SMBUS_EnableAlert_IT	0	static
../Drivers/STM32F4xx_HAL_Driver/Src/stm32f4xx_hal_smbus.c:1382:19:HAL_SMBUS_DisableAlert_IT	0	static
../Drivers/STM32F4xx_HAL_Driver/Src/stm32f4xx_hal_smbus.c:1404:19:HAL_SMBUS_IsDeviceReady	48	static
../Drivers/STM32F4xx_HAL_Driver/Src/stm32f4xx_hal_smbus.c:1745:13:HAL_SMBUS_MasterTxCpltCallback	0	static
../Drivers/STM32F4xx_HAL_Driver/Src/stm32f4xx_hal_smbus.c:1761:13:HAL_SMBUS_MasterRxCpltCallback	0	static
../Drivers/STM32F4xx_HAL_Driver/Src/stm32f4xx_hal_smbus.c:1776:13:HAL_SMBUS_SlaveTxCpltCallback	0	static
../Drivers/STM32F4xx_HAL_Driver/Src/stm32f4xx_hal_smbus.c:1792:13:HAL_SMBUS_SlaveRxCpltCallback	0	static
../Drivers/STM32F4xx_HAL_Driver/Src/stm32f4xx_hal_smbus.c:1810:13:HAL_SMBUS_AddrCallback	0	static
../Drivers/STM32F4xx_HAL_Driver/Src/stm32f4xx_hal_smbus.c:1828:13:HAL_SMBUS_ListenCpltCallback	0	static
../Drivers/STM32F4xx_HAL_Driver/Src/stm32f4xx_hal_smbus.c:1844:13:HAL_SMBUS_ErrorCallback	0	static
../Drivers/STM32F4xx_HAL_Driver/Src/stm32f4xx_hal_smbus.c:1860:13:HAL_SMBUS_AbortCpltCallback	0	static
../Drivers/STM32F4xx_HAL_Driver/Src/stm32f4xx_hal_smbus.c:2669:13:SMBUS_ITError	8	static
../Drivers/STM32F4xx_HAL_Driver/Src/stm32f4xx_hal_smbus.c:1117:19:HAL_SMBUS_Master_Abort_IT	8	static
../Drivers/STM32F4xx_HAL_Driver/Src/stm32f4xx_hal_smbus.c:1633:6:HAL_SMBUS_ER_IRQHandler	24	static
../Drivers/STM32F4xx_HAL_Driver/Src/stm32f4xx_hal_smbus.c:1528:6:HAL_SMBUS_EV_IRQHandler	64	static
../Drivers/STM32F4xx_HAL_Driver/Src/stm32f4xx_hal_smbus.c:1895:24:HAL_SMBUS_GetState	0	static
../Drivers/STM32F4xx_HAL_Driver/Src/stm32f4xx_hal_smbus.c:1907:23:HAL_SMBUS_GetMode	0	static
../Drivers/STM32F4xx_HAL_Driver/Src/stm32f4xx_hal_smbus.c:1918:10:HAL_SMBUS_GetError	0	static
