../Core/Src/stm32f4xx_hal_msp.c:64:6:HAL_MspInit	8	static
../Core/Src/stm32f4xx_hal_msp.c:86:6:HAL_ADC_MspInit	56	static
../Core/Src/stm32f4xx_hal_msp.c:144:6:HAL_ADC_MspDeInit	8	static
../Core/Src/stm32f4xx_hal_msp.c:189:6:HAL_CRC_MspInit	8	static
../Core/Src/stm32f4xx_hal_msp.c:211:6:HAL_CRC_MspDeInit	0	static
../Core/Src/stm32f4xx_hal_msp.c:233:6:HAL_I2C_MspInit	64	static
../Core/Src/stm32f4xx_hal_msp.c:301:6:HAL_SMBUS_MspInit	56	static
../Core/Src/stm32f4xx_hal_msp.c:344:6:HAL_I2C_MspDeInit	8	static
../Core/Src/stm32f4xx_hal_msp.c:395:6:HAL_SMBUS_MspDeInit	8	static
../Core/Src/stm32f4xx_hal_msp.c:426:6:HAL_RTC_MspInit	32	static
../Core/Src/stm32f4xx_hal_msp.c:459:6:HAL_RTC_MspDeInit	0	static
../Core/Src/stm32f4xx_hal_msp.c:481:6:HAL_MMC_MspInit	56	static
../Core/Src/stm32f4xx_hal_msp.c:526:6:HAL_MMC_MspDeInit	8	static
../Core/Src/stm32f4xx_hal_msp.c:558:6:HAL_TIM_Base_MspInit	8	static
../Core/Src/stm32f4xx_hal_msp.c:580:6:HAL_TIM_Base_MspDeInit	0	static
../Core/Src/stm32f4xx_hal_msp.c:602:6:HAL_WWDG_MspInit	8	static
