../Core/Src/main.c:618:6:ld_word	24	static
../Core/Src/main.c:628:7:ld_dword	24	static
../Core/Src/main.c:659:6:st_word	16	static
../Core/Src/main.c:666:6:st_dword	16	static
../Core/Src/main.c:698:6:mem_cpy	32	static
../Core/Src/main.c:711:6:mem_set	32	static
../Core/Src/main.c:721:5:mem_cmp	40	static
../Core/Src/main.c:734:5:chk_chr	16	static
../Core/Src/main.c:776:9:chk_lock	24	static
../Core/Src/main.c:803:5:enq_lock	16	static
../Core/Src/main.c:813:6:inc_lock	24	static
../Core/Src/main.c:845:9:dec_lock	24	static
../Core/Src/main.c:868:6:clear_lock	24	static
../Core/Src/main.c:888:9:sync_window	32	static
../Core/Src/main.c:917:9:move_window	24	static
../Core/Src/main.c:949:9:sync_fs	24	static
../Core/Src/main.c:988:7:clust2sect	16	static
../Core/Src/main.c:1006:7:get_fat	32	static
../Core/Src/main.c:1086:9:put_fat	48	static
../Core/Src/main.c:1276:9:remove_chain	40	static
../Core/Src/main.c:1356:7:create_chain	40	static
../Core/Src/main.c:1445:7:clmt_clust	32	static
../Core/Src/main.c:1475:9:dir_sdi	32	static
../Core/Src/main.c:1524:9:dir_next	32	static
../Core/Src/main.c:1594:9:dir_alloc	32	static
../Core/Src/main.c:1637:7:ld_clust	24	static
../Core/Src/main.c:1655:6:st_clust	24	static
../Core/Src/main.c:2136:9:dir_read	32	static
../Core/Src/main.c:2215:9:dir_find	32	static
../Core/Src/main.c:2297:9:dir_register	24	static
../Core/Src/main.c:2401:9:dir_remove	24	static
../Core/Src/main.c:2449:6:get_fileinfo	32	static
../Core/Src/main.c:2623:9:create_name	40	static
../Core/Src/main.c:2818:9:follow_path	32	static
../Core/Src/main.c:2909:5:get_ldnumber	32	static
../Core/Src/main.c:2970:6:check_fs	16	static
../Core/Src/main.c:2998:9:find_volume	96	static
../Core/Src/main.c:3221:9:validate	24	static
../Core/Src/main.c:3265:9:f_mount	40	static
../Core/Src/main.c:3313:9:f_open	104	static
../Core/Src/main.c:3516:9:f_read	64	static
../Core/Src/main.c:3616:9:f_write	56	static
../Core/Src/main.c:3737:9:f_sync	32	static
../Core/Src/main.c:3818:9:f_close	24	static
../Core/Src/main.c:4006:9:f_lseek	72	static
../Core/Src/main.c:4167:9:f_opendir	32	static
../Core/Src/main.c:4237:9:f_closedir	24	static
../Core/Src/main.c:4270:9:f_readdir	24	static
../Core/Src/main.c:4358:9:f_stat	72	static
../Core/Src/main.c:4393:9:f_getfree	80	static
../Core/Src/main.c:4480:9:f_truncate	32	static
../Core/Src/main.c:4530:9:f_unlink	128	static
../Core/Src/main.c:4625:9:f_mkdir	96	static
../Core/Src/main.c:4722:9:f_rename	160	static
../Core/Src/main.c:5306:9:f_mkfs	128	static
../Core/Src/main.c:5835:8:f_gets	40	static
../Core/Src/main.c:5922:6:putc_bfd	24	static
../Core/Src/main.c:5978:5:putc_flush	24	static
../Core/Src/main.c:5992:6:putc_init	16	static
../Core/Src/main.c:6003:5:f_putc	96	static
../Core/Src/main.c:6023:5:f_puts	96	static
../Core/Src/main.c:6043:5:f_printf	164	static
