Archive member included to satisfy reference by file (symbol)

C:/ST/STM32CubeIDE_1.14.1/STM32CubeIDE/plugins/com.st.stm32cube.ide.mcu.externaltools.gnu-tools-for-stm32.11.3.rel1.win32_1.1.100.202309141235/tools/bin/../lib/gcc/arm-none-eabi/11.3.1/../../../../arm-none-eabi/lib/thumb/v7e-m+fp/hard\libc_nano.a(libc_a-exit.o)
                              C:/ST/STM32CubeIDE_1.14.1/STM32CubeIDE/plugins/com.st.stm32cube.ide.mcu.externaltools.gnu-tools-for-stm32.11.3.rel1.win32_1.1.100.202309141235/tools/bin/../lib/gcc/arm-none-eabi/11.3.1/../../../../arm-none-eabi/lib/thumb/v7e-m+fp/hard/crt0.o (exit)
C:/ST/STM32CubeIDE_1.14.1/STM32CubeIDE/plugins/com.st.stm32cube.ide.mcu.externaltools.gnu-tools-for-stm32.11.3.rel1.win32_1.1.100.202309141235/tools/bin/../lib/gcc/arm-none-eabi/11.3.1/../../../../arm-none-eabi/lib/thumb/v7e-m+fp/hard\libc_nano.a(libc_a-findfp.o)
                              C:/ST/STM32CubeIDE_1.14.1/STM32CubeIDE/plugins/com.st.stm32cube.ide.mcu.externaltools.gnu-tools-for-stm32.11.3.rel1.win32_1.1.100.202309141235/tools/bin/../lib/gcc/arm-none-eabi/11.3.1/../../../../arm-none-eabi/lib/thumb/v7e-m+fp/hard\libc_nano.a(libc_a-exit.o) (__stdio_exit_handler)
C:/ST/STM32CubeIDE_1.14.1/STM32CubeIDE/plugins/com.st.stm32cube.ide.mcu.externaltools.gnu-tools-for-stm32.11.3.rel1.win32_1.1.100.202309141235/tools/bin/../lib/gcc/arm-none-eabi/11.3.1/../../../../arm-none-eabi/lib/thumb/v7e-m+fp/hard\libc_nano.a(libc_a-fwalk.o)
                              C:/ST/STM32CubeIDE_1.14.1/STM32CubeIDE/plugins/com.st.stm32cube.ide.mcu.externaltools.gnu-tools-for-stm32.11.3.rel1.win32_1.1.100.202309141235/tools/bin/../lib/gcc/arm-none-eabi/11.3.1/../../../../arm-none-eabi/lib/thumb/v7e-m+fp/hard\libc_nano.a(libc_a-findfp.o) (_fwalk_sglue)
C:/ST/STM32CubeIDE_1.14.1/STM32CubeIDE/plugins/com.st.stm32cube.ide.mcu.externaltools.gnu-tools-for-stm32.11.3.rel1.win32_1.1.100.202309141235/tools/bin/../lib/gcc/arm-none-eabi/11.3.1/../../../../arm-none-eabi/lib/thumb/v7e-m+fp/hard\libc_nano.a(libc_a-stdio.o)
                              C:/ST/STM32CubeIDE_1.14.1/STM32CubeIDE/plugins/com.st.stm32cube.ide.mcu.externaltools.gnu-tools-for-stm32.11.3.rel1.win32_1.1.100.202309141235/tools/bin/../lib/gcc/arm-none-eabi/11.3.1/../../../../arm-none-eabi/lib/thumb/v7e-m+fp/hard\libc_nano.a(libc_a-findfp.o) (__sread)
C:/ST/STM32CubeIDE_1.14.1/STM32CubeIDE/plugins/com.st.stm32cube.ide.mcu.externaltools.gnu-tools-for-stm32.11.3.rel1.win32_1.1.100.202309141235/tools/bin/../lib/gcc/arm-none-eabi/11.3.1/../../../../arm-none-eabi/lib/thumb/v7e-m+fp/hard\libc_nano.a(libc_a-memset.o)
                              C:/ST/STM32CubeIDE_1.14.1/STM32CubeIDE/plugins/com.st.stm32cube.ide.mcu.externaltools.gnu-tools-for-stm32.11.3.rel1.win32_1.1.100.202309141235/tools/bin/../lib/gcc/arm-none-eabi/11.3.1/../../../../arm-none-eabi/lib/thumb/v7e-m+fp/hard/crt0.o (memset)
C:/ST/STM32CubeIDE_1.14.1/STM32CubeIDE/plugins/com.st.stm32cube.ide.mcu.externaltools.gnu-tools-for-stm32.11.3.rel1.win32_1.1.100.202309141235/tools/bin/../lib/gcc/arm-none-eabi/11.3.1/../../../../arm-none-eabi/lib/thumb/v7e-m+fp/hard\libc_nano.a(libc_a-closer.o)
                              C:/ST/STM32CubeIDE_1.14.1/STM32CubeIDE/plugins/com.st.stm32cube.ide.mcu.externaltools.gnu-tools-for-stm32.11.3.rel1.win32_1.1.100.202309141235/tools/bin/../lib/gcc/arm-none-eabi/11.3.1/../../../../arm-none-eabi/lib/thumb/v7e-m+fp/hard\libc_nano.a(libc_a-stdio.o) (_close_r)
C:/ST/STM32CubeIDE_1.14.1/STM32CubeIDE/plugins/com.st.stm32cube.ide.mcu.externaltools.gnu-tools-for-stm32.11.3.rel1.win32_1.1.100.202309141235/tools/bin/../lib/gcc/arm-none-eabi/11.3.1/../../../../arm-none-eabi/lib/thumb/v7e-m+fp/hard\libc_nano.a(libc_a-reent.o)
                              C:/ST/STM32CubeIDE_1.14.1/STM32CubeIDE/plugins/com.st.stm32cube.ide.mcu.externaltools.gnu-tools-for-stm32.11.3.rel1.win32_1.1.100.202309141235/tools/bin/../lib/gcc/arm-none-eabi/11.3.1/../../../../arm-none-eabi/lib/thumb/v7e-m+fp/hard\libc_nano.a(libc_a-closer.o) (errno)
C:/ST/STM32CubeIDE_1.14.1/STM32CubeIDE/plugins/com.st.stm32cube.ide.mcu.externaltools.gnu-tools-for-stm32.11.3.rel1.win32_1.1.100.202309141235/tools/bin/../lib/gcc/arm-none-eabi/11.3.1/../../../../arm-none-eabi/lib/thumb/v7e-m+fp/hard\libc_nano.a(libc_a-impure.o)
                              C:/ST/STM32CubeIDE_1.14.1/STM32CubeIDE/plugins/com.st.stm32cube.ide.mcu.externaltools.gnu-tools-for-stm32.11.3.rel1.win32_1.1.100.202309141235/tools/bin/../lib/gcc/arm-none-eabi/11.3.1/../../../../arm-none-eabi/lib/thumb/v7e-m+fp/hard\libc_nano.a(libc_a-reent.o) (_impure_ptr)
C:/ST/STM32CubeIDE_1.14.1/STM32CubeIDE/plugins/com.st.stm32cube.ide.mcu.externaltools.gnu-tools-for-stm32.11.3.rel1.win32_1.1.100.202309141235/tools/bin/../lib/gcc/arm-none-eabi/11.3.1/../../../../arm-none-eabi/lib/thumb/v7e-m+fp/hard\libc_nano.a(libc_a-lseekr.o)
[...]
Memory Configuration

Name             Origin             Length             Attributes
RAM              0x0000000020000000 0x0000000000018000 xrw
FLASH            0x0000000008000000 0x0000000000080000 xr
*default*        0x0000000000000000 0xffffffffffffffff

Linker script and memory map

LOAD C:/ST/STM32CubeIDE_1.14.1/STM32CubeIDE/plugins/com.st.stm32cube.ide.mcu.externaltools.gnu-tools-for-stm32.11.3.rel1.win32_1.1.100.202309141235/tools/bin/../lib/gcc/arm-none-eabi/11.3.1/thumb/v7e-m+fp/hard/crti.o
LOAD C:/ST/STM32CubeIDE_1.14.1/STM32CubeIDE/plugins/com.st.stm32cube.ide.mcu.externaltools.gnu-tools-for-stm32.11.3.rel1.win32_1.1.100.202309141235/tools/bin/../lib/gcc/arm-none-eabi/11.3.1/thumb/v7e-m+fp/hard/crtbegin.o
LOAD C:/ST/STM32CubeIDE_1.14.1/STM32CubeIDE/plugins/com.st.stm32cube.ide.mcu.externaltools.gnu-tools-for-stm32.11.3.rel1.win32_1.1.100.202309141235/tools/bin/../lib/gcc/arm-none-eabi/11.3.1/../../../../arm-none-eabi/lib/thumb/v7e-m+fp/hard/crt0.o
LOAD ./Core/Src/delay.o
LOAD ./Core/Src/main.o
LOAD ./Core/Src/stm32f4xx_hal_msp.o
LOAD ./Core/Src/stm32f4xx_it.o
LOAD ./Core/Src/syscalls.o
LOAD ./Core/Src/sysmem.o
LOAD ./Core/Src/system_stm32f4xx.o
LOAD ./Core/Startup/startup_stm32f401retx.o
LOAD ./Drivers/STM32F4xx_HAL_Driver/Src/stm32f4xx_hal.o
LOAD ./Drivers/STM32F4xx_HAL_Driver/Src/stm32f4xx_hal_adc.o
LOAD ./Drivers/STM32F4xx_HAL_Driver/Src/stm32f4xx_hal_adc_ex.o
LOAD ./Drivers/STM32F4xx_HAL_Driver/Src/stm32f4xx_hal_cortex.o
LOAD ./Drivers/STM32F4xx_HAL_Driver/Src/stm32f4xx_hal_crc.o
LOAD ./Drivers/STM32F4xx_HAL_Driver/Src/stm32f4xx_hal_dma.o
LOAD ./Drivers/STM32F4xx_HAL_Driver/Src/stm32f4xx_hal_dma_ex.o
LOAD ./Drivers/STM32F4xx_HAL_Driver/Src/stm32f4xx_hal_exti.o
LOAD ./Drivers/STM32F4xx_HAL_Driver/Src/stm32f4xx_hal_flash.o
LOAD ./Drivers/STM32F4xx_HAL_Driver/Src/stm32f4xx_hal_flash_ex.o
LOAD ./Drivers/STM32F4xx_HAL_Driver/Src/stm32f4xx_hal_flash_ramfunc.o
LOAD ./Drivers/STM32F4xx_HAL_Driver/Src/stm32f4xx_hal_gpio.o
LOAD ./Drivers/STM32F4xx_HAL_Driver/Src/stm32f4xx_hal_i2c.o
LOAD ./Drivers/STM32F4xx_HAL_Driver/Src/stm32f4xx_hal_i2c_ex.o
LOAD ./Drivers/STM32F4xx_HAL_Driver/Src/stm32f4xx_hal_iwdg.o
LOAD ./Drivers/STM32F4xx_HAL_Driver/Src/stm32f4xx_hal_mmc.o
LOAD ./Drivers/STM32F4xx_HAL_Driver/Src/stm32f4xx_hal_pwr.o
LOAD ./Drivers/STM32F4xx_HAL_Driver/Src/stm32f4xx_hal_pwr_ex.o
LOAD ./Drivers/STM32F4xx_HAL_Driver/Src/stm32f4xx_hal_rcc.o
LOAD ./Drivers/STM32F4xx_HAL_Driver/Src/stm32f4xx_hal_rcc_ex.o
LOAD ./Drivers/STM32F4xx_HAL_Driver/Src/stm32f4xx_hal_rtc.o
LOAD ./Drivers/STM32F4xx_HAL_Driver/Src/stm32f4xx_hal_rtc_ex.o
LOAD ./Drivers/STM32F4xx_HAL_Driver/Src/stm32f4xx_hal_smbus.o
LOAD ./Drivers/STM32F4xx_HAL_Driver/Src/stm32f4xx_hal_tim.o
LOAD ./Drivers/STM32F4xx_HAL_Driver/Src/stm32f4xx_hal_tim_ex.o
LOAD ./Drivers/STM32F4xx_HAL_Driver/Src/stm32f4xx_hal_wwdg.o
LOAD ./Drivers/STM32F4xx_HAL_Driver/Src/stm32f4xx_ll_adc.o
LOAD ./Drivers/STM32F4xx_HAL_Driver/Src/stm32f4xx_ll_sdmmc.o
LOAD ./FATFS/App/fatfs.o
LOAD ./FATFS/Target/user_diskio.o
LOAD ./Middlewares/Third_Party/FatFs/src/diskio.o
LOAD ./Middlewares/Third_Party/FatFs/src/ff.o
LOAD ./Middlewares/Third_Party/FatFs/src/ff_gen_drv.o
LOAD ./Middlewares/Third_Party/FatFs/src/option/syscall.o
START GROUP
LOAD C:/ST/STM32CubeIDE_1.14.1/STM32CubeIDE/plugins/com.st.stm32cube.ide.mcu.externaltools.gnu-tools-for-stm32.11.3.rel1.win32_1.1.100.202309141235/tools/bin/../lib/gcc/arm-none-eabi/11.3.1/../../../../arm-none-eabi/lib/thumb/v7e-m+fp/hard\libc_nano.a
LOAD C:/ST/STM32CubeIDE_1.14.1/STM32CubeIDE/plugins/com.st.stm32cube.ide.mcu.externaltools.gnu-tools-for-stm32.11.3.rel1.win32_1.1.100.202309141235/tools/bin/../lib/gcc/arm-none-eabi/11.3.1/../../../../arm-none-eabi/lib/thumb/v7e-m+fp/hard\libm.a
END GROUP
START GROUP
LOAD C:/ST/STM32CubeIDE_1.14.1/STM32CubeIDE/plugins/com.st.stm32cube.ide.mcu.externaltools.gnu-tools-for-stm32.11.3.rel1.win32_1.1.100.202309141235/tools/bin/../lib/gcc/arm-none-eabi/11.3.1/thumb/v7e-m+fp/hard\libgcc.a
LOAD C:/ST/STM32CubeIDE_1.14.1/STM32CubeIDE/plugins/com.st.stm32cube.ide.mcu.externaltools.gnu-tools-for-stm32.11.3.rel1.win32_1.1.100.202309141235/tools/bin/../lib/gcc/arm-none-eabi/11.3.1/../../../../arm-none-eabi/lib/thumb/v7e-m+fp/hard\libc_nano.a
END GROUP
START GROUP
LOAD C:/ST/STM32CubeIDE_1.14.1/STM32CubeIDE/plugins/com.st.stm32cube.ide.mcu.externaltools.gnu-tools-for-stm32.11.3.rel1.win32_1.1.100.202309141235/tools/bin/../lib/gcc/arm-none-eabi/11.3.1/thumb/v7e-m+fp/hard\libgcc.a
LOAD C:/ST/STM32CubeIDE_1.14.1/STM32CubeIDE/plugins/com.st.stm32cube.ide.mcu.externaltools.gnu-tools-for-stm32.11.3.rel1.win32_1.1.100.202309141235/tools/bin/../lib/gcc/arm-none-eabi/11.3.1/../../../../arm-none-eabi/lib/thumb/v7e-m+fp/hard\libc_nano.a
LOAD C:/ST/STM32CubeIDE_1.14.1/STM32CubeIDE/plugins/com.st.stm32cube.ide.mcu.externaltools.gnu-tools-for-stm32.11.3.rel1.win32_1.1.100.202309141235/tools/bin/../lib/gcc/arm-none-eabi/11.3.1/../../../../arm-none-eabi/lib/thumb/v7e-m+fp/hard\libnosys.a
END GROUP
START GROUP
LOAD C:/ST/STM32CubeIDE_1.14.1/STM32CubeIDE/plugins/com.st.stm32cube.ide.mcu.externaltools.gnu-tools-for-stm32.11.3.rel1.win32_1.1.100.202309141235/tools/bin/../lib/gcc/arm-none-eabi/11.3.1/thumb/v7e-m+fp/hard\libgcc.a
LOAD C:/ST/STM32CubeIDE_1.14.1/STM32CubeIDE/plugins/com.st.stm32cube.ide.mcu.externaltools.gnu-tools-for-stm32.11.3.rel1.win32_1.1.100.202309141235/tools/bin/../lib/gcc/arm-none-eabi/11.3.1/../../../../arm-none-eabi/lib/thumb/v7e-m+fp/hard\libc_nano.a
LOAD C:/ST/STM32CubeIDE_1.14.1/STM32CubeIDE/plugins/com.st.stm32cube.ide.mcu.externaltools.gnu-tools-for-stm32.11.3.rel1.win32_1.1.100.202309141235/tools/bin/../lib/gcc/arm-none-eabi/11.3.1/../../../../arm-none-eabi/lib/thumb/v7e-m+fp/hard\libnosys.a
END GROUP
LOAD C:/ST/STM32CubeIDE_1.14.1/STM32CubeIDE/plugins/com.st.stm32cube.ide.mcu.externaltools.gnu-tools-for-stm32.11.3.rel1.win32_1.1.100.202309141235/tools/bin/../lib/gcc/arm-none-eabi/11.3.1/thumb/v7e-m+fp/hard/crtend.o
LOAD C:/ST/STM32CubeIDE_1.14.1/STM32CubeIDE/plugins/com.st.stm32cube.ide.mcu.externaltools.gnu-tools-for-stm32.11.3.rel1.win32_1.1.100.202309141235/tools/bin/../lib/gcc/arm-none-eabi/11.3.1/thumb/v7e-m+fp/hard/crtn.o
                0x0000000020018000                _estack = (ORIGIN (RAM) + LENGTH (RAM))
                0x0000000000000200                _Min_Heap_Size = 0x200
                0x0000000000000400                _Min_Stack_Size = 0x400

.isr_vector     0x0000000008000000      0x194
                0x0000000008000000                . = ALIGN (0x4)
 *(.isr_vector)
 .isr_vector    0x0000000008000000      0x194 ./Core/Startup/startup_stm32f401retx.o
                0x0000000008000000                g_pfnVectors
                0x0000000008000194                . = ALIGN (0x4)

.text           0x0000000008000194     0x2c2c
                0x0000000008000194                . = ALIGN (0x4)
 *(.text)
 .text          0x0000000008000194       0x40 C:/ST/STM32CubeIDE_1.14.1/STM32CubeIDE/plugins/com.st.stm32cube.ide.mcu.externaltools.gnu-tools-for-stm32.11.3.rel1.win32_1.1.100.202309141235/tools/bin/../lib/gcc/arm-none-eabi/11.3.1/thumb/v7e-m+fp/hard/crtbegin.o
 .text          0x00000000080001d4       0x30 C:/ST/STM32CubeIDE_1.14.1/STM32CubeIDE/plugins/com.st.stm32cube.ide.mcu.externaltools.gnu-tools-for-stm32.11.3.rel1.win32_1.1.100.202309141235/tools/bin/../lib/gcc/arm-none-eabi/11.3.1/thumb/v7e-m+fp/hard\libgcc.a(_aeabi_uldivmod.o)
                0x00000000080001d4                __aeabi_uldivmod
 .text          0x0000000008000204      0x2c8 C:/ST/STM32CubeIDE_1.14.1/STM32CubeIDE/plugins/com.st.stm32cube.ide.mcu.externaltools.gnu-tools-for-stm32.11.3.rel1.win32_1.1.100.202309141235/tools/bin/../lib/gcc/arm-none-eabi/11.3.1/thumb/v7e-m+fp/hard\libgcc.a(_udivmoddi4.o)
                0x0000000008000204                __udivmoddi4
 .text          0x00000000080004cc        0x4 C:/ST/STM32CubeIDE_1.14.1/STM32CubeIDE/plugins/com.st.stm32cube.ide.mcu.externaltools.gnu-tools-for-stm32.11.3.rel1.win32_1.1.100.202309141235/tools/bin/../lib/gcc/arm-none-eabi/11.3.1/thumb/v7e-m+fp/hard\libgcc.a(_dvmd_tls.o)
                0x00000000080004cc                __aeabi_idiv0
                0x00000000080004cc                __aeabi_ldiv0
 *(.text*)
 .text.SystemClock_Config
                0x00000000080004d0       0x98 ./Core/Src/main.o
                0x00000000080004d0                SystemClock_Config
 .text.startup.main
                0x0000000008000568      0x300 ./Core/Src/main.o
                0x0000000008000568                main
 .text.Error_Handler
                0x0000000008000868        0x4 ./Core/Src/main.o
                0x0000000008000868                Error_Handler
 .text.HAL_MspInit
                0x000000000800086c       0x38 ./Core/Src/stm32f4xx_hal_msp.o
                0x000000000800086c                HAL_MspInit
 .text.HAL_ADC_MspInit
                0x00000000080008a4       0xb4 ./Core/Src/stm32f4xx_hal_msp.o
                0x00000000080008a4                HAL_ADC_MspInit
 .text.HAL_CRC_MspInit
                0x0000000008000958       0x30 ./Core/Src/stm32f4xx_hal_msp.o
                0x0000000008000958                HAL_CRC_MspInit
 .text.HAL_I2C_MspInit
                0x0000000008000988       0xf8 ./Core/Src/stm32f4xx_hal_msp.o
                0x0000000008000988                HAL_I2C_MspInit
 .text.HAL_SMBUS_MspInit
                0x0000000008000a80       0x84 ./Core/Src/stm32f4xx_hal_msp.o
                0x0000000008000a80                HAL_SMBUS_MspInit
 .text.HAL_RTC_MspInit
                0x0000000008000b04       0x44 ./Core/Src/stm32f4xx_hal_msp.o
                0x0000000008000b04                HAL_RTC_MspInit
 .text.HAL_MMC_MspInit
                0x0000000008000b48       0x9c ./Core/Src/stm32f4xx_hal_msp.o
                0x0000000008000b48                HAL_MMC_MspInit
 .text.HAL_TIM_Base_MspInit
                0x0000000008000be4       0x30 ./Core/Src/stm32f4xx_hal_msp.o
                0x0000000008000be4                HAL_TIM_Base_MspInit
 .text.HAL_WWDG_MspInit
                0x0000000008000c14       0x30 ./Core/Src/stm32f4xx_hal_msp.o
                0x0000000008000c14                HAL_WWDG_MspInit
 .text.NMI_Handler
                0x0000000008000c44        0x2 ./Core/Src/stm32f4xx_it.o
                0x0000000008000c44                NMI_Handler
 .text.HardFault_Handler
                0x0000000008000c46        0x2 ./Core/Src/stm32f4xx_it.o
                0x0000000008000c46                HardFault_Handler
 .text.MemManage_Handler
                0x0000000008000c48        0x2 ./Core/Src/stm32f4xx_it.o
                0x0000000008000c48                MemManage_Handler
 .text.BusFault_Handler
                0x0000000008000c4a        0x2 ./Core/Src/stm32f4xx_it.o
                0x0000000008000c4a                BusFault_Handler
 .text.UsageFault_Handler
                0x0000000008000c4c        0x2 ./Core/Src/stm32f4xx_it.o
                0x0000000008000c4c                UsageFault_Handler
 .text.SVC_Handler
                0x0000000008000c4e        0x2 ./Core/Src/stm32f4xx_it.o
                0x0000000008000c4e                SVC_Handler
 .text.DebugMon_Handler
                0x0000000008000c50        0x2 ./Core/Src/stm32f4xx_it.o
                0x0000000008000c50                DebugMon_Handler
 .text.PendSV_Handler
                0x0000000008000c52        0x2 ./Core/Src/stm32f4xx_it.o
                0x0000000008000c52                PendSV_Handler
 .text.SysTick_Handler
                0x0000000008000c54        0x4 ./Core/Src/stm32f4xx_it.o
                0x0000000008000c54                SysTick_Handler
 .text.SystemInit
                0x0000000008000c58       0x14 ./Core/Src/system_stm32f4xx.o
                0x0000000008000c58                SystemInit
 .text.Reset_Handler
                0x0000000008000c6c       0x50 ./Core/Startup/startup_stm32f401retx.o
                0x0000000008000c6c                Reset_Handler
 .text.Default_Handler
                0x0000000008000cbc        0x2 ./Core/Startup/startup_stm32f401retx.o
                0x0000000008000cbc                RTC_Alarm_IRQHandler
                0x0000000008000cbc                EXTI2_IRQHandler
                0x0000000008000cbc                SPI4_IRQHandler
                0x0000000008000cbc                TIM1_CC_IRQHandler
                0x0000000008000cbc                DMA2_Stream5_IRQHandler
                0x0000000008000cbc                DMA1_Stream5_IRQHandler
                0x0000000008000cbc                PVD_IRQHandler
                0x0000000008000cbc                SDIO_IRQHandler
                0x0000000008000cbc                TAMP_STAMP_IRQHandler
                0x0000000008000cbc                EXTI3_IRQHandler
                0x0000000008000cbc                TIM1_UP_TIM10_IRQHandler
                0x0000000008000cbc                I2C3_ER_IRQHandler
                0x0000000008000cbc                EXTI0_IRQHandler
                0x0000000008000cbc                I2C2_EV_IRQHandler
                0x0000000008000cbc                DMA1_Stream2_IRQHandler
                0x0000000008000cbc                FPU_IRQHandler
                0x0000000008000cbc                DMA2_Stream2_IRQHandler
                0x0000000008000cbc                SPI1_IRQHandler
                0x0000000008000cbc                TIM1_BRK_TIM9_IRQHandler
                0x0000000008000cbc                DMA2_Stream3_IRQHandler
                0x0000000008000cbc                USART6_IRQHandler
                0x0000000008000cbc                DMA2_Stream0_IRQHandler
                0x0000000008000cbc                TIM4_IRQHandler
                0x0000000008000cbc                I2C1_EV_IRQHandler
                0x0000000008000cbc                DMA1_Stream6_IRQHandler
                0x0000000008000cbc                DMA1_Stream1_IRQHandler
                0x0000000008000cbc                TIM3_IRQHandler
                0x0000000008000cbc                RCC_IRQHandler
                0x0000000008000cbc                Default_Handler
                0x0000000008000cbc                EXTI15_10_IRQHandler
                0x0000000008000cbc                ADC_IRQHandler
                0x0000000008000cbc                DMA1_Stream7_IRQHandler
                0x0000000008000cbc                TIM5_IRQHandler
                0x0000000008000cbc                DMA2_Stream7_IRQHandler
                0x0000000008000cbc                I2C3_EV_IRQHandler
                0x0000000008000cbc                EXTI9_5_IRQHandler
                0x0000000008000cbc                RTC_WKUP_IRQHandler
                0x0000000008000cbc                SPI2_IRQHandler
                0x0000000008000cbc                DMA1_Stream0_IRQHandler
                0x0000000008000cbc                EXTI4_IRQHandler
                0x0000000008000cbc                WWDG_IRQHandler
                0x0000000008000cbc                TIM2_IRQHandler
                0x0000000008000cbc                OTG_FS_WKUP_IRQHandler
                0x0000000008000cbc                TIM1_TRG_COM_TIM11_IRQHandler
                0x0000000008000cbc                EXTI1_IRQHandler
                0x0000000008000cbc                USART2_IRQHandler
                0x0000000008000cbc                I2C2_ER_IRQHandler
                0x0000000008000cbc                DMA2_Stream1_IRQHandler
                0x0000000008000cbc                FLASH_IRQHandler
                0x0000000008000cbc                DMA2_Stream4_IRQHandler
                0x0000000008000cbc                USART1_IRQHandler
                0x0000000008000cbc                OTG_FS_IRQHandler
                0x0000000008000cbc                SPI3_IRQHandler
                0x0000000008000cbc                DMA1_Stream4_IRQHandler
                0x0000000008000cbc                I2C1_ER_IRQHandler
                0x0000000008000cbc                DMA2_Stream6_IRQHandler
                0x0000000008000cbc                DMA1_Stream3_IRQHandler
 *fill*         0x0000000008000cbe        0x2 
 .text.HAL_InitTick
                0x0000000008000cc0       0x48 ./Drivers/STM32F4xx_HAL_Driver/Src/stm32f4xx_hal.o
                0x0000000008000cc0                HAL_InitTick
 .text.HAL_Init
                0x0000000008000d08       0x34 ./Drivers/STM32F4xx_HAL_Driver/Src/stm32f4xx_hal.o
                0x0000000008000d08                HAL_Init
 .text.HAL_IncTick
                0x0000000008000d3c       0x18 ./Drivers/STM32F4xx_HAL_Driver/Src/stm32f4xx_hal.o
                0x0000000008000d3c                HAL_IncTick
 .text.HAL_GetTick
                0x0000000008000d54        0xc ./Drivers/STM32F4xx_HAL_Driver/Src/stm32f4xx_hal.o
                0x0000000008000d54                HAL_GetTick
 .text.HAL_Delay
                0x0000000008000d60       0x28 ./Drivers/STM32F4xx_HAL_Driver/Src/stm32f4xx_hal.o
                0x0000000008000d60                HAL_Delay
 .text.HAL_ADC_Init
                0x0000000008000d88      0x14c ./Drivers/STM32F4xx_HAL_Driver/Src/stm32f4xx_hal_adc.o
                0x0000000008000d88                HAL_ADC_Init
 .text.HAL_ADC_ConfigChannel
                0x0000000008000ed4      0x120 ./Drivers/STM32F4xx_HAL_Driver/Src/stm32f4xx_hal_adc.o
                0x0000000008000ed4                HAL_ADC_ConfigChannel
 .text.HAL_NVIC_SetPriorityGrouping
                0x0000000008000ff4       0x24 ./Drivers/STM32F4xx_HAL_Driver/Src/stm32f4xx_hal_cortex.o
                0x0000000008000ff4                HAL_NVIC_SetPriorityGrouping
 .text.HAL_NVIC_SetPriority
                0x0000000008001018       0x64 ./Drivers/STM32F4xx_HAL_Driver/Src/stm32f4xx_hal_cortex.o
                0x0000000008001018                HAL_NVIC_SetPriority
 .text.HAL_SYSTICK_Config
                0x000000000800107c       0x28 ./Drivers/STM32F4xx_HAL_Driver/Src/stm32f4xx_hal_cortex.o
                0x000000000800107c                HAL_SYSTICK_Config
 .text.HAL_CRC_Init
                0x00000000080010a4       0x20 ./Drivers/STM32F4xx_HAL_Driver/Src/stm32f4xx_hal_crc.o
                0x00000000080010a4                HAL_CRC_Init
 .text.HAL_GPIO_Init
                0x00000000080010c4      0x190 ./Drivers/STM32F4xx_HAL_Driver/Src/stm32f4xx_hal_gpio.o
                0x00000000080010c4                HAL_GPIO_Init
 .text.HAL_GPIO_WritePin
                0x0000000008001254        0xa ./Drivers/STM32F4xx_HAL_Driver/Src/stm32f4xx_hal_gpio.o
                0x0000000008001254                HAL_GPIO_WritePin
 *fill*         0x000000000800125e        0x2 
 .text.HAL_I2C_Init
                0x0000000008001260      0x150 ./Drivers/STM32F4xx_HAL_Driver/Src/stm32f4xx_hal_i2c.o
                0x0000000008001260                HAL_I2C_Init
 .text.HAL_IWDG_Init
                0x00000000080013b0       0x50 ./Drivers/STM32F4xx_HAL_Driver/Src/stm32f4xx_hal_iwdg.o
                0x00000000080013b0                HAL_IWDG_Init
 .text.MMC_ReadExtCSD.constprop.0
                0x0000000008001400       0xdc ./Drivers/STM32F4xx_HAL_Driver/Src/stm32f4xx_hal_mmc.o
 .text.HAL_MMC_GetCardCSD
                0x00000000080014dc      0x174 ./Drivers/STM32F4xx_HAL_Driver/Src/stm32f4xx_hal_mmc.o
                0x00000000080014dc                HAL_MMC_GetCardCSD
 .text.HAL_MMC_GetCardExtCSD
                0x0000000008001650      0x11c ./Drivers/STM32F4xx_HAL_Driver/Src/stm32f4xx_hal_mmc.o
                0x0000000008001650                HAL_MMC_GetCardExtCSD
 .text.HAL_MMC_InitCard
                0x000000000800176c      0x208 ./Drivers/STM32F4xx_HAL_Driver/Src/stm32f4xx_hal_mmc.o
                0x000000000800176c                HAL_MMC_InitCard
 .text.HAL_MMC_ConfigWideBusOperation
                0x0000000008001974      0x170 ./Drivers/STM32F4xx_HAL_Driver/Src/stm32f4xx_hal_mmc.o
                0x0000000008001974                HAL_MMC_ConfigWideBusOperation
 .text.HAL_MMC_Init
                0x0000000008001ae4       0x4c ./Drivers/STM32F4xx_HAL_Driver/Src/stm32f4xx_hal_mmc.o
                0x0000000008001ae4                HAL_MMC_Init
 .text.HAL_RCC_OscConfig
                0x0000000008001b30      0x358 ./Drivers/STM32F4xx_HAL_Driver/Src/stm32f4xx_hal_rcc.o
                0x0000000008001b30                HAL_RCC_OscConfig
 .text.HAL_RCC_GetSysClockFreq
                0x0000000008001e88       0x5c ./Drivers/STM32F4xx_HAL_Driver/Src/stm32f4xx_hal_rcc.o
                0x0000000008001e88                HAL_RCC_GetSysClockFreq
 .text.HAL_RCC_ClockConfig
                0x0000000008001ee4      0x134 ./Drivers/STM32F4xx_HAL_Driver/Src/stm32f4xx_hal_rcc.o
                0x0000000008001ee4                HAL_RCC_ClockConfig
 .text.HAL_RCC_GetPCLK1Freq
                0x0000000008002018       0x20 ./Drivers/STM32F4xx_HAL_Driver/Src/stm32f4xx_hal_rcc.o
                0x0000000008002018                HAL_RCC_GetPCLK1Freq
 .text.HAL_RCCEx_PeriphCLKConfig
                0x0000000008002038      0x140 ./Drivers/STM32F4xx_HAL_Driver/Src/stm32f4xx_hal_rcc_ex.o
                0x0000000008002038                HAL_RCCEx_PeriphCLKConfig
 .text.HAL_RTC_WaitForSynchro
                0x0000000008002178       0x30 ./Drivers/STM32F4xx_HAL_Driver/Src/stm32f4xx_hal_rtc.o
                0x0000000008002178                HAL_RTC_WaitForSynchro
 .text.RTC_EnterInitMode
                0x00000000080021a8       0x42 ./Drivers/STM32F4xx_HAL_Driver/Src/stm32f4xx_hal_rtc.o
                0x00000000080021a8                RTC_EnterInitMode
 .text.RTC_ExitInitMode
                0x00000000080021ea       0x28 ./Drivers/STM32F4xx_HAL_Driver/Src/stm32f4xx_hal_rtc.o
                0x00000000080021ea                RTC_ExitInitMode
 .text.HAL_RTC_Init
                0x0000000008002212       0x90 ./Drivers/STM32F4xx_HAL_Driver/Src/stm32f4xx_hal_rtc.o
                0x0000000008002212                HAL_RTC_Init
 .text.RTC_ByteToBcd2
                0x00000000080022a2       0x16 ./Drivers/STM32F4xx_HAL_Driver/Src/stm32f4xx_hal_rtc.o
                0x00000000080022a2                RTC_ByteToBcd2
 .text.HAL_RTC_SetTime
                0x00000000080022b8       0xb4 ./Drivers/STM32F4xx_HAL_Driver/Src/stm32f4xx_hal_rtc.o
                0x00000000080022b8                HAL_RTC_SetTime
 .text.HAL_RTC_SetDate
                0x000000000800236c       0x92 ./Drivers/STM32F4xx_HAL_Driver/Src/stm32f4xx_hal_rtc.o
                0x000000000800236c                HAL_RTC_SetDate
 .text.HAL_RTCEx_SetWakeUpTimer
                0x00000000080023fe       0xbc ./Drivers/STM32F4xx_HAL_Driver/Src/stm32f4xx_hal_rtc_ex.o
                0x00000000080023fe                HAL_RTCEx_SetWakeUpTimer
 *fill*         0x00000000080024ba        0x2 
 .text.HAL_SMBUS_Init
                0x00000000080024bc       0xd8 ./Drivers/STM32F4xx_HAL_Driver/Src/stm32f4xx_hal_smbus.o
                0x00000000080024bc                HAL_SMBUS_Init
 .text.TIM_Base_SetConfig
                0x0000000008002594       0xa8 ./Drivers/STM32F4xx_HAL_Driver/Src/stm32f4xx_hal_tim.o
                0x0000000008002594                TIM_Base_SetConfig
 .text.HAL_TIM_Base_Init
                0x000000000800263c       0x58 ./Drivers/STM32F4xx_HAL_Driver/Src/stm32f4xx_hal_tim.o
                0x000000000800263c                HAL_TIM_Base_Init
 .text.TIM_ETR_SetConfig
                0x0000000008002694       0x14 ./Drivers/STM32F4xx_HAL_Driver/Src/stm32f4xx_hal_tim.o
                0x0000000008002694                TIM_ETR_SetConfig
 .text.HAL_TIM_ConfigClockSource
                0x00000000080026a8      0x132 ./Drivers/STM32F4xx_HAL_Driver/Src/stm32f4xx_hal_tim.o
                0x00000000080026a8                HAL_TIM_ConfigClockSource
 *fill*         0x00000000080027da        0x2 
 .text.HAL_TIMEx_MasterConfigSynchronization
                0x00000000080027dc       0x6c ./Drivers/STM32F4xx_HAL_Driver/Src/stm32f4xx_hal_tim_ex.o
                0x00000000080027dc                HAL_TIMEx_MasterConfigSynchronization
 .text.HAL_WWDG_Init
                0x0000000008002848       0x28 ./Drivers/STM32F4xx_HAL_Driver/Src/stm32f4xx_hal_wwdg.o
                0x0000000008002848                HAL_WWDG_Init
 .text.SDIO_Init
                0x0000000008002870       0x38 ./Drivers/STM32F4xx_HAL_Driver/Src/stm32f4xx_ll_sdmmc.o
                0x0000000008002870                SDIO_Init
 .text.SDIO_ReadFIFO
                0x00000000080028a8        0x6 ./Drivers/STM32F4xx_HAL_Driver/Src/stm32f4xx_ll_sdmmc.o
                0x00000000080028a8                SDIO_ReadFIFO
 .text.SDIO_PowerState_ON
                0x00000000080028ae        0x8 ./Drivers/STM32F4xx_HAL_Driver/Src/stm32f4xx_ll_sdmmc.o
                0x00000000080028ae                SDIO_PowerState_ON
 .text.SDIO_GetPowerState
                0x00000000080028b6        0x8 ./Drivers/STM32F4xx_HAL_Driver/Src/stm32f4xx_ll_sdmmc.o
                0x00000000080028b6                SDIO_GetPowerState
 .text.SDIO_SendCommand
                0x00000000080028be       0x26 ./Drivers/STM32F4xx_HAL_Driver/Src/stm32f4xx_ll_sdmmc.o
                0x00000000080028be                SDIO_SendCommand
 .text.SDIO_GetResponse
                0x00000000080028e4        0x6 ./Drivers/STM32F4xx_HAL_Driver/Src/stm32f4xx_ll_sdmmc.o
                0x00000000080028e4                SDIO_GetResponse
 .text.SDIO_ConfigData
                0x00000000080028ea       0x26 ./Drivers/STM32F4xx_HAL_Driver/Src/stm32f4xx_ll_sdmmc.o
                0x00000000080028ea                SDIO_ConfigData
 .text.SDMMC_CmdGoIdleState
                0x0000000008002910       0x4c ./Drivers/STM32F4xx_HAL_Driver/Src/stm32f4xx_ll_sdmmc.o
                0x0000000008002910                SDMMC_CmdGoIdleState
 .text.SDMMC_GetCmdResp1
                0x000000000800295c      0x120 ./Drivers/STM32F4xx_HAL_Driver/Src/stm32f4xx_ll_sdmmc.o
                0x000000000800295c                SDMMC_GetCmdResp1
 .text.SDMMC_CmdBlockLength
                0x0000000008002a7c       0x32 ./Drivers/STM32F4xx_HAL_Driver/Src/stm32f4xx_ll_sdmmc.o
                0x0000000008002a7c                SDMMC_CmdBlockLength
 .text.SDMMC_CmdSelDesel
                0x0000000008002aae       0x32 ./Drivers/STM32F4xx_HAL_Driver/Src/stm32f4xx_ll_sdmmc.o
                0x0000000008002aae                SDMMC_CmdSelDesel
 .text.SDMMC_CmdBusWidth
                0x0000000008002ae0       0x32 ./Drivers/STM32F4xx_HAL_Driver/Src/stm32f4xx_ll_sdmmc.o
                0x0000000008002ae0                SDMMC_CmdBusWidth
 .text.SDMMC_CmdSwitch
                0x0000000008002b12        0x4 ./Drivers/STM32F4xx_HAL_Driver/Src/stm32f4xx_ll_sdmmc.o
                0x0000000008002b12                SDMMC_CmdSwitch
 .text.SDMMC_CmdSetRelAddMmc
                0x0000000008002b16       0x34 ./Drivers/STM32F4xx_HAL_Driver/Src/stm32f4xx_ll_sdmmc.o
                0x0000000008002b16                SDMMC_CmdSetRelAddMmc
 .text.SDMMC_CmdSendStatus
                0x0000000008002b4a       0x32 ./Drivers/STM32F4xx_HAL_Driver/Src/stm32f4xx_ll_sdmmc.o
                0x0000000008002b4a                SDMMC_CmdSendStatus
 .text.SDMMC_CmdSendEXTCSD
                0x0000000008002b7c       0x32 ./Drivers/STM32F4xx_HAL_Driver/Src/stm32f4xx_ll_sdmmc.o
                0x0000000008002b7c                SDMMC_CmdSendEXTCSD
 *fill*         0x0000000008002bae        0x2 
 .text.SDMMC_GetCmdResp2
                0x0000000008002bb0       0x4c ./Drivers/STM32F4xx_HAL_Driver/Src/stm32f4xx_ll_sdmmc.o
                0x0000000008002bb0                SDMMC_GetCmdResp2
 .text.SDMMC_CmdSendCID
                0x0000000008002bfc       0x2c ./Drivers/STM32F4xx_HAL_Driver/Src/stm32f4xx_ll_sdmmc.o
                0x0000000008002bfc                SDMMC_CmdSendCID
 .text.SDMMC_CmdSendCSD
                0x0000000008002c28       0x2c ./Drivers/STM32F4xx_HAL_Driver/Src/stm32f4xx_ll_sdmmc.o
                0x0000000008002c28                SDMMC_CmdSendCSD
 .text.SDMMC_GetCmdResp3
                0x0000000008002c54       0x40 ./Drivers/STM32F4xx_HAL_Driver/Src/stm32f4xx_ll_sdmmc.o
                0x0000000008002c54                SDMMC_GetCmdResp3
 .text.SDMMC_CmdOpCondition
                0x0000000008002c94       0x2c ./Drivers/STM32F4xx_HAL_Driver/Src/stm32f4xx_ll_sdmmc.o
                0x0000000008002c94                SDMMC_CmdOpCondition
 .text.MX_FATFS_Init
                0x0000000008002cc0       0x1c ./FATFS/App/fatfs.o
                0x0000000008002cc0                MX_FATFS_Init
 .text.USER_initialize
                0x0000000008002cdc       0x10 ./FATFS/Target/user_diskio.o
                0x0000000008002cdc                USER_initialize
 .text.USER_read
                0x0000000008002cec        0x4 ./FATFS/Target/user_diskio.o
                0x0000000008002cec                USER_read
 .text.USER_ioctl
                0x0000000008002cf0        0x4 ./FATFS/Target/user_diskio.o
                0x0000000008002cf0                USER_ioctl
 .text.USER_write
                0x0000000008002cf4        0x4 ./FATFS/Target/user_diskio.o
                0x0000000008002cf4                USER_write
 .text.USER_status
                0x0000000008002cf8       0x10 ./FATFS/Target/user_diskio.o
                0x0000000008002cf8                USER_status
 .text.FATFS_LinkDriverEx
                0x0000000008002d08       0x40 ./Middlewares/Third_Party/FatFs/src/ff_gen_drv.o
                0x0000000008002d08                FATFS_LinkDriverEx
 .text.FATFS_LinkDriver
                0x0000000008002d48        0x6 ./Middlewares/Third_Party/FatFs/src/ff_gen_drv.o
                0x0000000008002d48                FATFS_LinkDriver
 .text.memset   0x0000000008002d4e       0x10 C:/ST/STM32CubeIDE_1.14.1/STM32CubeIDE/plugins/com.st.stm32cube.ide.mcu.externaltools.gnu-tools-for-stm32.11.3.rel1.win32_1.1.100.202309141235/tools/bin/../lib/gcc/arm-none-eabi/11.3.1/../../../../arm-none-eabi/lib/thumb/v7e-m+fp/hard\libc_nano.a(libc_a-memset.o)
                0x0000000008002d4e                memset
 *fill*         0x0000000008002d5e        0x2 
 .text.__libc_init_array
                0x0000000008002d60       0x48 C:/ST/STM32CubeIDE_1.14.1/STM32CubeIDE/plugins/com.st.stm32cube.ide.mcu.externaltools.gnu-tools-for-stm32.11.3.rel1.win32_1.1.100.202309141235/tools/bin/../lib/gcc/arm-none-eabi/11.3.1/../../../../arm-none-eabi/lib/thumb/v7e-m+fp/hard\libc_nano.a(libc_a-init.o)
                0x0000000008002d60                __libc_init_array
 *(.glue_7)
 .glue_7        0x0000000008002da8        0x0 linker stubs
 *(.glue_7t)
 .glue_7t       0x0000000008002da8        0x0 linker stubs
 *(.eh_frame)
 .eh_frame      0x0000000008002da8        0x0 C:/ST/STM32CubeIDE_1.14.1/STM32CubeIDE/plugins/com.st.stm32cube.ide.mcu.externaltools.gnu-tools-for-stm32.11.3.rel1.win32_1.1.100.202309141235/tools/bin/../lib/gcc/arm-none-eabi/11.3.1/thumb/v7e-m+fp/hard/crtbegin.o
 *(.init)
 .init          0x0000000008002da8        0x4 C:/ST/STM32CubeIDE_1.14.1/STM32CubeIDE/plugins/com.st.stm32cube.ide.mcu.externaltools.gnu-tools-for-stm32.11.3.rel1.win32_1.1.100.202309141235/tools/bin/../lib/gcc/arm-none-eabi/11.3.1/thumb/v7e-m+fp/hard/crti.o
                0x0000000008002da8                _init
 .init          0x0000000008002dac        0x8 C:/ST/STM32CubeIDE_1.14.1/STM32CubeIDE/plugins/com.st.stm32cube.ide.mcu.externaltools.gnu-tools-for-stm32.11.3.rel1.win32_1.1.100.202309141235/tools/bin/../lib/gcc/arm-none-eabi/11.3.1/thumb/v7e-m+fp/hard/crtn.o
 *(.fini)
 .fini          0x0000000008002db4        0x4 C:/ST/STM32CubeIDE_1.14.1/STM32CubeIDE/plugins/com.st.stm32cube.ide.mcu.externaltools.gnu-tools-for-stm32.11.3.rel1.win32_1.1.100.202309141235/tools/bin/../lib/gcc/arm-none-eabi/11.3.1/thumb/v7e-m+fp/hard/crti.o
                0x0000000008002db4                _fini
 .fini          0x0000000008002db8        0x8 C:/ST/STM32CubeIDE_1.14.1/STM32CubeIDE/plugins/com.st.stm32cube.ide.mcu.externaltools.gnu-tools-for-stm32.11.3.rel1.win32_1.1.100.202309141235/tools/bin/../lib/gcc/arm-none-eabi/11.3.1/thumb/v7e-m+fp/hard/crtn.o
                0x0000000008002dc0                . = ALIGN (0x4)
                0x0000000008002dc0                _etext = .

.vfp11_veneer   0x0000000008002dc0        0x0
 .vfp11_veneer  0x0000000008002dc0        0x0 linker stubs

.v4_bx          0x0000000008002dc0        0x0
 .v4_bx         0x0000000008002dc0        0x0 linker stubs

.iplt           0x0000000008002dc0        0x0
 .iplt          0x0000000008002dc0        0x0 C:/ST/STM32CubeIDE_1.14.1/STM32CubeIDE/plugins/com.st.stm32cube.ide.mcu.externaltools.gnu-tools-for-stm32.11.3.rel1.win32_1.1.100.202309141235/tools/bin/../lib/gcc/arm-none-eabi/11.3.1/thumb/v7e-m+fp/hard/crtbegin.o

.rodata         0x0000000008002dc0       0x18
                0x0000000008002dc0                . = ALIGN (0x4)
 *(.rodata)
 *(.rodata*)
 .rodata.AHBPrescTable
                0x0000000008002dc0       0x10 ./Core/Src/system_stm32f4xx.o
                0x0000000008002dc0                AHBPrescTable
 .rodata.APBPrescTable
                0x0000000008002dd0        0x8 ./Core/Src/system_stm32f4xx.o
                0x0000000008002dd0                APBPrescTable
                0x0000000008002dd8                . = ALIGN (0x4)

.ARM.extab      0x0000000008002dd8        0x0
                0x0000000008002dd8                . = ALIGN (0x4)
 *(.ARM.extab* .gnu.linkonce.armextab.*)
                0x0000000008002dd8                . = ALIGN (0x4)

.ARM            0x0000000008002dd8        0x8
                0x0000000008002dd8                . = ALIGN (0x4)
                0x0000000008002dd8                __exidx_start = .
 *(.ARM.exidx*)
 .ARM.exidx     0x0000000008002dd8        0x8 C:/ST/STM32CubeIDE_1.14.1/STM32CubeIDE/plugins/com.st.stm32cube.ide.mcu.externaltools.gnu-tools-for-stm32.11.3.rel1.win32_1.1.100.202309141235/tools/bin/../lib/gcc/arm-none-eabi/11.3.1/thumb/v7e-m+fp/hard\libgcc.a(_udivmoddi4.o)
                0x0000000008002de0                __exidx_end = .
                0x0000000008002de0                . = ALIGN (0x4)

.rel.dyn        0x0000000008002de0        0x0
 .rel.iplt      0x0000000008002de0        0x0 C:/ST/STM32CubeIDE_1.14.1/STM32CubeIDE/plugins/com.st.stm32cube.ide.mcu.externaltools.gnu-tools-for-stm32.11.3.rel1.win32_1.1.100.202309141235/tools/bin/../lib/gcc/arm-none-eabi/11.3.1/thumb/v7e-m+fp/hard/crtbegin.o

.preinit_array  0x0000000008002de0        0x0
                0x0000000008002de0                . = ALIGN (0x4)
                0x0000000008002de0                PROVIDE (__preinit_array_start = .)
 *(.preinit_array*)
                0x0000000008002de0                PROVIDE (__preinit_array_end = .)
                0x0000000008002de0                . = ALIGN (0x4)

.init_array     0x0000000008002de0        0x4
                0x0000000008002de0                . = ALIGN (0x4)
                0x0000000008002de0                PROVIDE (__init_array_start = .)
 *(SORT_BY_NAME(.init_array.*))
 *(.init_array*)
 .init_array    0x0000000008002de0        0x4 C:/ST/STM32CubeIDE_1.14.1/STM32CubeIDE/plugins/com.st.stm32cube.ide.mcu.externaltools.gnu-tools-for-stm32.11.3.rel1.win32_1.1.100.202309141235/tools/bin/../lib/gcc/arm-none-eabi/11.3.1/thumb/v7e-m+fp/hard/crtbegin.o
                0x0000000008002de4                PROVIDE (__init_array_end = .)
                0x0000000008002de4                . = ALIGN (0x4)

.fini_array     0x0000000008002de4        0x4
                0x0000000008002de4                . = ALIGN (0x4)
                [!provide]                        PROVIDE (__fini_array_start = .)
 *(SORT_BY_NAME(.fini_array.*))
 *(.fini_array*)
 .fini_array    0x0000000008002de4        0x4 C:/ST/STM32CubeIDE_1.14.1/STM32CubeIDE/plugins/com.st.stm32cube.ide.mcu.externaltools.gnu-tools-for-stm32.11.3.rel1.win32_1.1.100.202309141235/tools/bin/../lib/gcc/arm-none-eabi/11.3.1/thumb/v7e-m+fp/hard/crtbegin.o
                [!provide]                        PROVIDE (__fini_array_end = .)
                0x0000000008002de8                . = ALIGN (0x4)
                0x0000000008002de8                _sidata = LOADADDR (.data)

.data           0x0000000020000000       0x24 load address 0x0000000008002de8
                0x0000000020000000                . = ALIGN (0x4)
                0x0000000020000000                _sdata = .
 *(.data)
 *(.data*)
 .data.SystemCoreClock
                0x0000000020000000        0x4 ./Core/Src/system_stm32f4xx.o
                0x0000000020000000                SystemCoreClock
 .data.uwTickFreq
                0x0000000020000004        0x1 ./Drivers/STM32F4xx_HAL_Driver/Src/stm32f4xx_hal.o
                0x0000000020000004                uwTickFreq
 *fill*         0x0000000020000005        0x3 
 .data.uwTickPrio
                0x0000000020000008        0x4 ./Drivers/STM32F4xx_HAL_Driver/Src/stm32f4xx_hal.o
                0x0000000020000008                uwTickPrio
 .data.Stat     0x000000002000000c        0x1 ./FATFS/Target/user_diskio.o
 *fill*         0x000000002000000d        0x3 
 .data.USER_Driver
                0x0000000020000010       0x14 ./FATFS/Target/user_diskio.o
                0x0000000020000010                USER_Driver
 *(.RamFunc)
 *(.RamFunc*)
                0x0000000020000024                . = ALIGN (0x4)
                0x0000000020000024                _edata = .

.igot.plt       0x0000000020000024        0x0 load address 0x0000000008002e0c
 .igot.plt      0x0000000020000024        0x0 C:/ST/STM32CubeIDE_1.14.1/STM32CubeIDE/plugins/com.st.stm32cube.ide.mcu.externaltools.gnu-tools-for-stm32.11.3.rel1.win32_1.1.100.202309141235/tools/bin/../lib/gcc/arm-none-eabi/11.3.1/thumb/v7e-m+fp/hard/crtbegin.o
                0x0000000020000024                . = ALIGN (0x4)

.bss            0x0000000020000024      0x484 load address 0x0000000008002e0c
                0x0000000020000024                _sbss = .
                0x0000000020000024                __bss_start__ = _sbss
 *(.bss)
 .bss           0x0000000020000024       0x1c C:/ST/STM32CubeIDE_1.14.1/STM32CubeIDE/plugins/com.st.stm32cube.ide.mcu.externaltools.gnu-tools-for-stm32.11.3.rel1.win32_1.1.100.202309141235/tools/bin/../lib/gcc/arm-none-eabi/11.3.1/thumb/v7e-m+fp/hard/crtbegin.o
 *(.bss*)
 .bss.hadc1     0x0000000020000040       0x48 ./Core/Src/main.o
                0x0000000020000040                hadc1
 .bss.hcrc      0x0000000020000088        0x8 ./Core/Src/main.o
                0x0000000020000088                hcrc
 .bss.hi2c1     0x0000000020000090       0x54 ./Core/Src/main.o
                0x0000000020000090                hi2c1
 .bss.hi2c3     0x00000000200000e4       0x54 ./Core/Src/main.o
                0x00000000200000e4                hi2c3
 .bss.hiwdg     0x0000000020000138        0xc ./Core/Src/main.o
                0x0000000020000138                hiwdg
 .bss.hmmc      0x0000000020000144      0x280 ./Core/Src/main.o
                0x0000000020000144                hmmc
 .bss.hrtc      0x00000000200003c4       0x20 ./Core/Src/main.o
                0x00000000200003c4                hrtc
 .bss.hsmbus2   0x00000000200003e4       0x50 ./Core/Src/main.o
                0x00000000200003e4                hsmbus2
 .bss.htim1     0x0000000020000434       0x48 ./Core/Src/main.o
                0x0000000020000434                htim1
 .bss.hwwdg     0x000000002000047c       0x14 ./Core/Src/main.o
                0x000000002000047c                hwwdg
 .bss.uwTick    0x0000000020000490        0x4 ./Drivers/STM32F4xx_HAL_Driver/Src/stm32f4xx_hal.o
                0x0000000020000490                uwTick
 .bss.USERPath  0x0000000020000494        0x4 ./FATFS/App/fatfs.o
                0x0000000020000494                USERPath
 .bss.retUSER   0x0000000020000498        0x1 ./FATFS/App/fatfs.o
                0x0000000020000498                retUSER
 *fill*         0x0000000020000499        0x3 
 .bss.disk      0x000000002000049c        0xc ./Middlewares/Third_Party/FatFs/src/ff_gen_drv.o
                0x000000002000049c                disk
 *(COMMON)
                0x00000000200004a8                . = ALIGN (0x4)
                0x00000000200004a8                _ebss = .
                0x00000000200004a8                __bss_end__ = _ebss

._user_heap_stack
                0x00000000200004a8      0x600 load address 0x0000000008002e0c
                0x00000000200004a8                . = ALIGN (0x8)
                [!provide]                        PROVIDE (end = .)
                0x00000000200004a8                PROVIDE (_end = .)
                0x00000000200006a8                . = (. + _Min_Heap_Size)
 *fill*         0x00000000200004a8      0x200 
                0x0000000020000aa8                . = (. + _Min_Stack_Size)
 *fill*         0x00000000200006a8      0x400 
                0x0000000020000aa8                . = ALIGN (0x8)

/DISCARD/
 libc.a(*)
 libm.a(*)
 libgcc.a(*)

.ARM.attributes
                0x0000000000000000       0x30
 *(.ARM.attributes)
 .ARM.attributes
                0x0000000000000000       0x1e C:/ST/STM32CubeIDE_1.14.1/STM32CubeIDE/plugins/com.st.stm32cube.ide.mcu.externaltools.gnu-tools-for-stm32.11.3.rel1.win32_1.1.100.202309141235/tools/bin/../lib/gcc/arm-none-eabi/11.3.1/thumb/v7e-m+fp/hard/crti.o
 .ARM.attributes
                0x000000000000001e       0x34 C:/ST/STM32CubeIDE_1.14.1/STM32CubeIDE/plugins/com.st.stm32cube.ide.mcu.externaltools.gnu-tools-for-stm32.11.3.rel1.win32_1.1.100.202309141235/tools/bin/../lib/gcc/arm-none-eabi/11.3.1/thumb/v7e-m+fp/hard/crtbegin.o
 .ARM.attributes
                0x0000000000000052       0x34 ./Core/Src/main.o
 .ARM.attributes
                0x0000000000000086       0x34 ./Core/Src/stm32f4xx_hal_msp.o
 .ARM.attributes
                0x00000000000000ba       0x34 ./Core/Src/stm32f4xx_it.o
 .ARM.attributes
                0x00000000000000ee       0x34 ./Core/Src/system_stm32f4xx.o
 .ARM.attributes
                0x0000000000000122       0x21 ./Core/Startup/startup_stm32f401retx.o
 .ARM.attributes
                0x0000000000000143       0x34 ./Drivers/STM32F4xx_HAL_Driver/Src/stm32f4xx_hal.o
 .ARM.attributes
                0x0000000000000177       0x34 ./Drivers/STM32F4xx_HAL_Driver/Src/stm32f4xx_hal_adc.o
 .ARM.attributes
                0x00000000000001ab       0x34 ./Drivers/STM32F4xx_HAL_Driver/Src/stm32f4xx_hal_cortex.o
 .ARM.attributes
                0x00000000000001df       0x34 ./Drivers/STM32F4xx_HAL_Driver/Src/stm32f4xx_hal_crc.o
 .ARM.attributes
                0x0000000000000213       0x34 ./Drivers/STM32F4xx_HAL_Driver/Src/stm32f4xx_hal_gpio.o
 .ARM.attributes
                0x0000000000000247       0x34 ./Drivers/STM32F4xx_HAL_Driver/Src/stm32f4xx_hal_i2c.o
 .ARM.attributes
                0x000000000000027b       0x34 ./Drivers/STM32F4xx_HAL_Driver/Src/stm32f4xx_hal_iwdg.o
 .ARM.attributes
                0x00000000000002af       0x34 ./Drivers/STM32F4xx_HAL_Driver/Src/stm32f4xx_hal_mmc.o
 .ARM.attributes
                0x00000000000002e3       0x34 ./Drivers/STM32F4xx_HAL_Driver/Src/stm32f4xx_hal_rcc.o
 .ARM.attributes
                0x0000000000000317       0x34 ./Drivers/STM32F4xx_HAL_Driver/Src/stm32f4xx_hal_rcc_ex.o
 .ARM.attributes
                0x000000000000034b       0x34 ./Drivers/STM32F4xx_HAL_Driver/Src/stm32f4xx_hal_rtc.o
 .ARM.attributes
                0x000000000000037f       0x34 ./Drivers/STM32F4xx_HAL_Driver/Src/stm32f4xx_hal_rtc_ex.o
 .ARM.attributes
                0x00000000000003b3       0x34 ./Drivers/STM32F4xx_HAL_Driver/Src/stm32f4xx_hal_smbus.o
 .ARM.attributes
                0x00000000000003e7       0x34 ./Drivers/STM32F4xx_HAL_Driver/Src/stm32f4xx_hal_tim.o
 .ARM.attributes
                0x000000000000041b       0x34 ./Drivers/STM32F4xx_HAL_Driver/Src/stm32f4xx_hal_tim_ex.o
 .ARM.attributes
                0x000000000000044f       0x34 ./Drivers/STM32F4xx_HAL_Driver/Src/stm32f4xx_hal_wwdg.o
 .ARM.attributes
                0x0000000000000483       0x34 ./Drivers/STM32F4xx_HAL_Driver/Src/stm32f4xx_ll_sdmmc.o
 .ARM.attributes
                0x00000000000004b7       0x34 ./FATFS/App/fatfs.o
 .ARM.attributes
                0x00000000000004eb       0x34 ./FATFS/Target/user_diskio.o
 .ARM.attributes
                0x000000000000051f       0x34 ./Middlewares/Third_Party/FatFs/src/ff_gen_drv.o
 .ARM.attributes
                0x0000000000000553       0x34 C:/ST/STM32CubeIDE_1.14.1/STM32CubeIDE/plugins/com.st.stm32cube.ide.mcu.externaltools.gnu-tools-for-stm32.11.3.rel1.win32_1.1.100.202309141235/tools/bin/../lib/gcc/arm-none-eabi/11.3.1/../../../../arm-none-eabi/lib/thumb/v7e-m+fp/hard\libc_nano.a(libc_a-memset.o)
 .ARM.attributes
                0x0000000000000587       0x34 C:/ST/STM32CubeIDE_1.14.1/STM32CubeIDE/plugins/com.st.stm32cube.ide.mcu.externaltools.gnu-tools-for-stm32.11.3.rel1.win32_1.1.100.202309141235/tools/bin/../lib/gcc/arm-none-eabi/11.3.1/../../../../arm-none-eabi/lib/thumb/v7e-m+fp/hard\libc_nano.a(libc_a-init.o)
 .ARM.attributes
                0x00000000000005bb       0x1e C:/ST/STM32CubeIDE_1.14.1/STM32CubeIDE/plugins/com.st.stm32cube.ide.mcu.externaltools.gnu-tools-for-stm32.11.3.rel1.win32_1.1.100.202309141235/tools/bin/../lib/gcc/arm-none-eabi/11.3.1/thumb/v7e-m+fp/hard\libgcc.a(_aeabi_uldivmod.o)
 .ARM.attributes
                0x00000000000005d9       0x34 C:/ST/STM32CubeIDE_1.14.1/STM32CubeIDE/plugins/com.st.stm32cube.ide.mcu.externaltools.gnu-tools-for-stm32.11.3.rel1.win32_1.1.100.202309141235/tools/bin/../lib/gcc/arm-none-eabi/11.3.1/thumb/v7e-m+fp/hard\libgcc.a(_udivmoddi4.o)
 .ARM.attributes
                0x000000000000060d       0x1e C:/ST/STM32CubeIDE_1.14.1/STM32CubeIDE/plugins/com.st.stm32cube.ide.mcu.externaltools.gnu-tools-for-stm32.11.3.rel1.win32_1.1.100.202309141235/tools/bin/../lib/gcc/arm-none-eabi/11.3.1/thumb/v7e-m+fp/hard\libgcc.a(_dvmd_tls.o)
 .ARM.attributes
                0x000000000000062b       0x1e C:/ST/STM32CubeIDE_1.14.1/STM32CubeIDE/plugins/com.st.stm32cube.ide.mcu.externaltools.gnu-tools-for-stm32.11.3.rel1.win32_1.1.100.202309141235/tools/bin/../lib/gcc/arm-none-eabi/11.3.1/thumb/v7e-m+fp/hard/crtn.o
OUTPUT(NEW.elf elf32-littlearm)
LOAD linker stubs
LOAD C:/ST/STM32CubeIDE_1.14.1/STM32CubeIDE/plugins/com.st.stm32cube.ide.mcu.externaltools.gnu-tools-for-stm32.11.3.rel1.win32_1.1.100.202309141235/tools/bin/../lib/gcc/arm-none-eabi/11.3.1/../../../../arm-none-eabi/lib/thumb/v7e-m+fp/hard\libc.a
LOAD C:/ST/STM32CubeIDE_1.14.1/STM32CubeIDE/plugins/com.st.stm32cube.ide.mcu.externaltools.gnu-tools-for-stm32.11.3.rel1.win32_1.1.100.202309141235/tools/bin/../lib/gcc/arm-none-eabi/11.3.1/../../../../arm-none-eabi/lib/thumb/v7e-m+fp/hard\libm.a
LOAD C:/ST/STM32CubeIDE_1.14.1/STM32CubeIDE/plugins/com.st.stm32cube.ide.mcu.externaltools.gnu-tools-for-stm32.11.3.rel1.win32_1.1.100.202309141235/tools/bin/../lib/gcc/arm-none-eabi/11.3.1/thumb/v7e-m+fp/hard\libgcc.a

.comment        0x0000000000000000       0x43
 .comment       0x0000000000000000       0x43 C:/ST/STM32CubeIDE_1.14.1/STM32CubeIDE/plugins/com.st.stm32cube.ide.mcu.externaltools.gnu-tools-for-stm32.11.3.rel1.win32_1.1.100.202309141235/tools/bin/../lib/gcc/arm-none-eabi/11.3.1/thumb/v7e-m+fp/hard/crtbegin.o
                                         0x44 (size before relaxing)
 .comment       0x0000000000000043       0x44 ./Core/Src/main.o
 .comment       0x0000000000000043       0x44 ./Core/Src/stm32f4xx_hal_msp.o
 .comment       0x0000000000000043       0x44 ./Core/Src/stm32f4xx_it.o
 .comment       0x0000000000000043       0x44 ./Core/Src/system_stm32f4xx.o
 .comment       0x0000000000000043       0x44 ./Drivers/STM32F4xx_HAL_Driver/Src/stm32f4xx_hal.o
 .comment       0x0000000000000043       0x44 ./Drivers/STM32F4xx_HAL_Driver/Src/stm32f4xx_hal_adc.o
 .comment       0x0000000000000043       0x44 ./Drivers/STM32F4xx_HAL_Driver/Src/stm32f4xx_hal_cortex.o
 .comment       0x0000000000000043       0x44 ./Drivers/STM32F4xx_HAL_Driver/Src/stm32f4xx_hal_crc.o
 .comment       0x0000000000000043       0x44 ./Drivers/STM32F4xx_HAL_Driver/Src/stm32f4xx_hal_gpio.o
 .comment       0x0000000000000043       0x44 ./Drivers/STM32F4xx_HAL_Driver/Src/stm32f4xx_hal_i2c.o
 .comment       0x0000000000000043       0x44 ./Drivers/STM32F4xx_HAL_Driver/Src/stm32f4xx_hal_iwdg.o
 .comment       0x0000000000000043       0x44 ./Drivers/STM32F4xx_HAL_Driver/Src/stm32f4xx_hal_mmc.o
 .comment       0x0000000000000043       0x44 ./Drivers/STM32F4xx_HAL_Driver/Src/stm32f4xx_hal_rcc.o
 .comment       0x0000000000000043       0x44 ./Drivers/STM32F4xx_HAL_Driver/Src/stm32f4xx_hal_rcc_ex.o
 .comment       0x0000000000000043       0x44 ./Drivers/STM32F4xx_HAL_Driver/Src/stm32f4xx_hal_rtc.o
 .comment       0x0000000000000043       0x44 ./Drivers/STM32F4xx_HAL_Driver/Src/stm32f4xx_hal_rtc_ex.o
 .comment       0x0000000000000043       0x44 ./Drivers/STM32F4xx_HAL_Driver/Src/stm32f4xx_hal_smbus.o
 .comment       0x0000000000000043       0x44 ./Drivers/STM32F4xx_HAL_Driver/Src/stm32f4xx_hal_tim.o
 .comment       0x0000000000000043       0x44 ./Drivers/STM32F4xx_HAL_Driver/Src/stm32f4xx_hal_tim_ex.o
 .comment       0x0000000000000043       0x44 ./Drivers/STM32F4xx_HAL_Driver/Src/stm32f4xx_hal_wwdg.o
 .comment       0x0000000000000043       0x44 ./Drivers/STM32F4xx_HAL_Driver/Src/stm32f4xx_ll_sdmmc.o
 .comment       0x0000000000000043       0x44 ./FATFS/App/fatfs.o
 .comment       0x0000000000000043       0x44 ./FATFS/Target/user_diskio.o
 .comment       0x0000000000000043       0x44 ./Middlewares/Third_Party/FatFs/src/ff_gen_drv.o

.debug_frame    0x0000000000000000       0xac
 .debug_frame   0x0000000000000000       0x20 C:/ST/STM32CubeIDE_1.14.1/STM32CubeIDE/plugins/com.st.stm32cube.ide.mcu.externaltools.gnu-tools-for-stm32.11.3.rel1.win32_1.1.100.202309141235/tools/bin/../lib/gcc/arm-none-eabi/11.3.1/../../../../arm-none-eabi/lib/thumb/v7e-m+fp/hard\libc_nano.a(libc_a-memset.o)
 .debug_frame   0x0000000000000020       0x2c C:/ST/STM32CubeIDE_1.14.1/STM32CubeIDE/plugins/com.st.stm32cube.ide.mcu.externaltools.gnu-tools-for-stm32.11.3.rel1.win32_1.1.100.202309141235/tools/bin/../lib/gcc/arm-none-eabi/11.3.1/../../../../arm-none-eabi/lib/thumb/v7e-m+fp/hard\libc_nano.a(libc_a-init.o)
 .debug_frame   0x000000000000004c       0x2c C:/ST/STM32CubeIDE_1.14.1/STM32CubeIDE/plugins/com.st.stm32cube.ide.mcu.externaltools.gnu-tools-for-stm32.11.3.rel1.win32_1.1.100.202309141235/tools/bin/../lib/gcc/arm-none-eabi/11.3.1/thumb/v7e-m+fp/hard\libgcc.a(_aeabi_uldivmod.o)
 .debug_frame   0x0000000000000078       0x34 C:/ST/STM32CubeIDE_1.14.1/STM32CubeIDE/plugins/com.st.stm32cube.ide.mcu.externaltools.gnu-tools-for-stm32.11.3.rel1.win32_1.1.100.202309141235/tools/bin/../lib/gcc/arm-none-eabi/11.3.1/thumb/v7e-m+fp/hard\libgcc.a(_udivmoddi4.o)
